// Jest Snapshot v1, https://goo.gl/fbAQLP

exports[`<GuestsRoomAdult /> should render properly 1`] = `
<div
  class="sc-eCImvq guCNbL"
>
  <span
    class="sc-jRQAMF bgpgfc"
  >
    Adults
  </span>
  <div
    class="sc-gKckTs jduWvm"
  >
    <button
      class="sc-bdvvaa fzcnyp"
      data-testid="remove-adult-0-button"
      disabled=""
    >
      <svg>
        minus.svg
      </svg>
    </button>
    <span
      class="sc-jRQAMF bgpgfc"
      data-testid="adults-counter"
    >
      1
    </span>
    <button
      class="sc-bdvvaa fzcnyp"
      data-testid="add-adult-0-button"
    >
      <svg>
        plus.svg
      </svg>
    </button>
  </div>
</div>
`;
